// Jest Snapshot v1, https://goo.gl/fbAQLP

exports[`Test case for LabeledButton component should be able to render the LabeledButton component with large size, contained variant, black color and match with the snapshot 1`] = `<div />`;

exports[`Test case for LabeledButton component should be able to render the LabeledButton component with large size, contained variant, card-bg color and match with the snapshot 1`] = `<div />`;

exports[`Test case for LabeledButton component should be able to render the LabeledButton component with large size, contained variant, dark color and match with the snapshot 1`] = `<div />`;

exports[`Test case for LabeledButton component should be able to render the LabeledButton component with large size, contained variant, disable color and match with the snapshot 1`] = `<div />`;

exports[`Test case for LabeledButton component should be able to render the LabeledButton component with large size, contained variant, primary color and match with the snapshot 1`] = `<div />`;

exports[`Test case for LabeledButton component should be able to render the LabeledButton component with large size, contained variant, transparent color and match with the snapshot 1`] = `<div />`;

exports[`Test case for LabeledButton component should be able to render the LabeledButton component with large size, contained variant, white color and match with the snapshot 1`] = `<div />`;

exports[`Test case for LabeledButton component should be able to render the LabeledButton component with large size, outlined variant, black color and match with the snapshot 1`] = `<div />`;

exports[`Test case for LabeledButton component should be able to render the LabeledButton component with large size, outlined variant, card-bg color and match with the snapshot 1`] = `<div />`;

exports[`Test case for LabeledButton component should be able to render the LabeledButton component with large size, outlined variant, dark color and match with the snapshot 1`] = `<div />`;

exports[`Test case for LabeledButton component should be able to render the LabeledButton component with large size, outlined variant, disable color and match with the snapshot 1`] = `<div />`;

exports[`Test case for LabeledButton component should be able to render the LabeledButton component with large size, outlined variant, primary color and match with the snapshot 1`] = `<div />`;

exports[`Test case for LabeledButton component should be able to render the LabeledButton component with large size, outlined variant, transparent color and match with the snapshot 1`] = `<div />`;

exports[`Test case for LabeledButton component should be able to render the LabeledButton component with large size, outlined variant, white color and match with the snapshot 1`] = `<div />`;

exports[`Test case for LabeledButton component should be able to render the LabeledButton component with large size, text variant, black color and match with the snapshot 1`] = `<div />`;

exports[`Test case for LabeledButton component should be able to render the LabeledButton component with large size, text variant, card-bg color and match with the snapshot 1`] = `<div />`;

exports[`Test case for LabeledButton component should be able to render the LabeledButton component with large size, text variant, dark color and match with the snapshot 1`] = `<div />`;

exports[`Test case for LabeledButton component should be able to render the LabeledButton component with large size, text variant, disable color and match with the snapshot 1`] = `<div />`;

exports[`Test case for LabeledButton component should be able to render the LabeledButton component with large size, text variant, primary color and match with the snapshot 1`] = `<div />`;

exports[`Test case for LabeledButton component should be able to render the LabeledButton component with large size, text variant, transparent color and match with the snapshot 1`] = `<div />`;

exports[`Test case for LabeledButton component should be able to render the LabeledButton component with large size, text variant, white color and match with the snapshot 1`] = `<div />`;

exports[`Test case for LabeledButton component should be able to render the LabeledButton component with small size, contained variant, black color and match with the snapshot 1`] = `<div />`;

exports[`Test case for LabeledButton component should be able to render the LabeledButton component with small size, contained variant, card-bg color and match with the snapshot 1`] = `<div />`;

exports[`Test case for LabeledButton component should be able to render the LabeledButton component with small size, contained variant, dark color and match with the snapshot 1`] = `<div />`;

exports[`Test case for LabeledButton component should be able to render the LabeledButton component with small size, contained variant, disable color and match with the snapshot 1`] = `<div />`;

exports[`Test case for LabeledButton component should be able to render the LabeledButton component with small size, contained variant, primary color and match with the snapshot 1`] = `<div />`;

exports[`Test case for LabeledButton component should be able to render the LabeledButton component with small size, contained variant, transparent color and match with the snapshot 1`] = `<div />`;

exports[`Test case for LabeledButton component should be able to render the LabeledButton component with small size, contained variant, white color and match with the snapshot 1`] = `<div />`;

exports[`Test case for LabeledButton component should be able to render the LabeledButton component with small size, outlined variant, black color and match with the snapshot 1`] = `<div />`;

exports[`Test case for LabeledButton component should be able to render the LabeledButton component with small size, outlined variant, card-bg color and match with the snapshot 1`] = `<div />`;

exports[`Test case for LabeledButton component should be able to render the LabeledButton component with small size, outlined variant, dark color and match with the snapshot 1`] = `<div />`;

exports[`Test case for LabeledButton component should be able to render the LabeledButton component with small size, outlined variant, disable color and match with the snapshot 1`] = `<div />`;

exports[`Test case for LabeledButton component should be able to render the LabeledButton component with small size, outlined variant, primary color and match with the snapshot 1`] = `<div />`;

exports[`Test case for LabeledButton component should be able to render the LabeledButton component with small size, outlined variant, transparent color and match with the snapshot 1`] = `<div />`;

exports[`Test case for LabeledButton component should be able to render the LabeledButton component with small size, outlined variant, white color and match with the snapshot 1`] = `<div />`;

exports[`Test case for LabeledButton component should be able to render the LabeledButton component with small size, text variant, black color and match with the snapshot 1`] = `<div />`;

exports[`Test case for LabeledButton component should be able to render the LabeledButton component with small size, text variant, card-bg color and match with the snapshot 1`] = `<div />`;

exports[`Test case for LabeledButton component should be able to render the LabeledButton component with small size, text variant, dark color and match with the snapshot 1`] = `<div />`;

exports[`Test case for LabeledButton component should be able to render the LabeledButton component with small size, text variant, disable color and match with the snapshot 1`] = `<div />`;

exports[`Test case for LabeledButton component should be able to render the LabeledButton component with small size, text variant, primary color and match with the snapshot 1`] = `<div />`;

exports[`Test case for LabeledButton component should be able to render the LabeledButton component with small size, text variant, transparent color and match with the snapshot 1`] = `<div />`;

exports[`Test case for LabeledButton component should be able to render the LabeledButton component with small size, text variant, white color and match with the snapshot 1`] = `<div />`;
